1c1
< rax: 7000000000000000
---
> rax: 000000001007a180
3,4c3,4
< rdx: 7000000000000000
< rbx: 7000000000000000
---
> rdx: 0000000000000000
> rbx: 0000000000000000
7,8c7,8
< rsi: 7f00000000000000
< rdi: 9000000000000000
---
> rsi: 0000000000000000
> rdi: 0000000000000000
18c18
< cc: Z=0 S=1 O=0
---
> cc: Z=0 S=0 O=0
*** extras/abs-diff.ys failed; see output in /home/fantona1/tmp/abs-diff.out
1c1
< rax: cafebabedeadbeef
---
> rax: 0000000000000000
4,5c4,5
< rbx: 00000000de000000
< rsp: 0000000000000200
---
> rbx: 0000000000000000
> rsp: 00000000000001e8
7,8c7,8
< rsi: 0000000000000000
< rdi: 0000000000000058
---
> rsi: 0000000000000008
> rdi: 0000000000000018
16,17c16,17
<  pc: 0000000000000013
< status: HLT
---
>  pc: 0000000000000079
> status: BAD_ADDR
21,36c21
< W[000001e8]: 00000000de000000
< W[000001e0]: 00000000000000b1
< W[000001d8]: 0000000000ad0000
< W[000001d0]: 00000000000000b1
< W[000001c8]: 000000000000be00
< W[000001c0]: 00000000000000b1
< W[000001b8]: 00000000000000ef
< W[000001b0]: 00000000000000b1
< W[000001a8]: ca00000000000000
< W[000001a0]: 00000000000000b1
< W[00000198]: 00fe000000000000
< W[00000190]: 00000000000000b1
< W[00000188]: 0000ba0000000000
< W[00000180]: 00000000000000b1
< W[00000178]: 000000be00000000
< W[00000170]: 00000000000000b1
---
> W[000001e8]: 0000000000000082
*** extras/asumr.ys failed; see output in /home/fantona1/tmp/asumr.out
1c1
< rax: 0000abcdabcdabcd
---
> rax: 0000000000000000
5c5
< rsp: 0000000000000200
---
> rsp: 00000000000001e8
7,8c7,8
< rsi: 0000000000000000
< rdi: 0000000000000038
---
> rsi: 0000000000000004
> rdi: 0000000000000018
11c11
< r10: 0000a000a000a000
---
> r10: 0000000000000000
16,18c16,18
<  pc: 0000000000000013
< status: HLT
< cc: Z=1 S=0 O=0
---
>  pc: 000000000000006f
> status: BAD_ADDR
> cc: Z=0 S=1 O=0
20a21
> W[000001e8]: 0000000000000078
*** extras/asum.ys failed; see output in /home/fantona1/tmp/asum.out
11c11
< rax: 0000000000000037
---
> rax: 000000000200f430
15c15
< rsp: 0000000000000200
---
> rsp: 00000000000001f0
17,18c17,18
< rsi: 0000000000000000
< rdi: 0000000000002000
---
> rsi: 0000000000001fb0
> rdi: 000000000000000a
21c21
< r10: 000000000000000a
---
> r10: 0000000000000000
26c26
<  pc: 0000000000000013
---
>  pc: 0000000000000047
28c28
< cc: Z=1 S=0 O=0
---
> cc: Z=0 S=1 O=0
*** extras/main-sum.ys failed; see output in /home/fantona1/tmp/main-sum.out
1c1
< rax: 1234567890abcdef
---
> rax: 0000000000000000
4c4
< rbx: 1234567890abcdef
---
> rbx: 0000000000000000
20c20
< W[0000001c]: 1234567890abcdef
---
> W[0000001c]: 0000000000000000
*** extras/mem-mov.ys failed; see output in /home/fantona1/tmp/mem-mov.out
1c1
< rax: 1234567890abcdef
---
> rax: 000000000000001c
4c4
< rbx: 1234567890abcdef
---
> rbx: 0000000000000000
7c7
< rsi: 000000000000001c
---
> rsi: 0000000000000000
20c20
< W[0000001c]: 1234567890abcdef
---
> W[0000001c]: 0000000000000000
*** extras/mov.ys failed; see output in /home/fantona1/tmp/mov.out
1c1
< rax: 000000000000abcd
---
> rax: 0000000000000000
8c8
< rdi: 00000000000001f8
---
> rdi: 0000000000000000
20c20
< W[000001f0]: 000000000000abcd
---
> W[00000200]: 00000000000001f0
*** extras/popq-rsp.ys failed; see output in /home/fantona1/tmp/popq-rsp.out
3c3
< rdx: 00000000000001f8
---
> rdx: 0000000000000000
18c18
< cc: Z=1 S=0 O=0
---
> cc: Z=0 S=1 O=0
20c20
< W[000001f0]: 00000000000001f8
---
> W[00000200]: 00000000000001f0
*** extras/pushq-rsp.ys failed; see output in /home/fantona1/tmp/pushq-rsp.out
